============================= test session starts ==============================
platform linux -- Python 3.10.12, pytest-9.1.1, pluggy-1.6.0 -- /usr/bin/python3
cachedir: .pytest_cache
rootdir: /sessions/rcw-01deevsfq22f8afstjk6dzbs/mnt/MMA 3001
configfile: pyproject.toml
testpaths: tests
plugins: platformdirs-4.12.0, anyio-4.15.1
collecting ... collected 34 items

tests/test_co2_integration.py::test_trapezoidal_integral_of_constant_value_is_height_times_duration PASSED [  2%]
tests/test_co2_integration.py::test_trapezoidal_integral_matches_week7_worked_example PASSED [  5%]
tests/test_co2_integration.py::test_trapezoidal_integral_requires_at_least_two_points PASSED [  8%]
tests/test_co2_integration.py::test_simpsons_integral_of_constant_value_is_height_times_duration PASSED [ 11%]
tests/test_co2_integration.py::test_simpsons_integral_is_exact_for_a_quadratic PASSED [ 14%]
tests/test_co2_integration.py::test_simpsons_integral_rejects_odd_number_of_intervals PASSED [ 17%]
tests/test_co2_integration.py::test_trapezoidal_integral_gap_aware_excludes_panels_beyond_max_gap PASSED [ 20%]
tests/test_co2_integration.py::test_trapezoidal_integral_gap_aware_includes_everything_within_limit PASSED [ 23%]
tests/test_co2_integration.py::test_richardson_order_check_reports_expected_reduction_factor PASSED [ 26%]
tests/test_co2_regression.py::test_building_occupancy_series_sums_across_rooms PASSED [ 29%]
tests/test_co2_regression.py::test_building_occupancy_series_leaves_fully_missing_bin_as_nan PASSED [ 32%]
tests/test_co2_regression.py::test_build_co2_supervised_dataset_produces_expected_columns_and_target PASSED [ 35%]
tests/test_co2_regression.py::test_build_co2_supervised_dataset_raises_on_no_overlap PASSED [ 38%]
tests/test_env_sensors.py::test_flatten_produces_one_row_per_variable PASSED [ 41%]
tests/test_env_sensors.py::test_flatten_converts_epoch_to_tz_aware_local_time PASSED [ 44%]
tests/test_env_sensors.py::test_flatten_skips_rows_with_multiple_variables_correctly PASSED [ 47%]
tests/test_env_sensors.py::test_flatten_skips_failed_reads_with_no_value PASSED [ 50%]
tests/test_env_sensors.py::test_flatten_skips_malformed_json_without_crashing PASSED [ 52%]
tests/test_env_sensors.py::test_pivot_variable_filters_to_requested_variable PASSED [ 55%]
tests/test_env_sensors.py::test_pivot_variable_raises_on_unknown_variable PASSED [ 58%]
tests/test_env_sensors.py::test_load_env_sensor_log_keeps_digit_only_sensorid_as_string PASSED [ 61%]
tests/test_env_sensors.py::test_sensor_ids_returns_each_sensor_once PASSED [ 64%]
tests/test_external_weather.py::test_load_bom_month_parses_dates_and_numeric_columns PASSED [ 67%]
tests/test_external_weather.py::test_load_bom_month_treats_blank_reading_as_nan_not_zero PASSED [ 70%]
tests/test_external_weather.py::test_load_bom_weather_concatenates_all_files_in_directory PASSED [ 73%]
tests/test_external_weather.py::test_load_bom_weather_raises_when_no_files_found PASSED [ 76%]
tests/test_sensor_matching.py::test_lagged_correlation_detects_a_genuine_co2_response PASSED [ 79%]
tests/test_sensor_matching.py::test_lagged_correlation_is_weak_for_unrelated_series PASSED [ 82%]
tests/test_sensor_matching.py::test_lagged_correlation_returns_nan_with_insufficient_overlap PASSED [ 85%]
tests/test_sensor_matching.py::test_build_correlation_matrix_shape_and_best_match PASSED [ 88%]
tests/test_weather_comparison.py::test_daily_indoor_series_averages_within_each_day PASSED [ 91%]
tests/test_weather_comparison.py::test_compare_to_bom_detects_a_real_relationship PASSED [ 94%]
tests/test_weather_comparison.py::test_compare_to_bom_returns_nan_with_insufficient_overlap PASSED [ 97%]
tests/test_weather_comparison.py::test_compare_to_bom_only_uses_overlapping_dates PASSED [100%]

=============================== warnings summary ===============================
tests/test_weather_comparison.py::test_compare_to_bom_only_uses_overlapping_dates
  /usr/local/lib/python3.10/dist-packages/numpy/lib/_function_base_impl.py:3045: RuntimeWarning: invalid value encountered in divide
    c /= stddev[:, None]

-- Docs: https://docs.pytest.org/en/stable/how-to/capture-warnings.html
======================== 34 passed, 1 warning in 2.77s =========================
